// Jest Snapshot v1, https://goo.gl/fbAQLP

exports[`Hola should render correctly 1`] = `
<div>
  Hola
</div>
`;
